Transaction summary name must be between 3 and 30 characters.