'login' is not a valid login mode.
Please choose either 'machine' or 'agent' mode:
Logging out.