Successfully created account 2345678 - joe
Please input an agent transaction or log out:
Logging out.