Please input account number:
Please input an amount to withdraw (in cents):
Account not found, could not withdraw.
Please input an agent transaction or log out:
Logging out.