Please input account number:
Please input an amount to withdraw (in cents):
Successfully withdrew 98351 from 4206969
Please input an agent transaction or log out:
Logging out.