Invalid sender account number. Must be exactly 7 digits, not beginning with 0.
Please input sender account number:
Please input recipient account number:
Invalid sender account number. Must be exactly 7 digits, not beginning with 0.
Please input recipient account number:
Please input an amount to withdraw (in cents):
Successfully transferred 200000 from 4206969 into 9999999
Please input an agent transaction or log out:
Logging out.