Please input an amount to deposit (in cents):
Successfully deposited 99999999 into 1234567
Please input an agent transaction or log out:
Logging out.