Invalid account name. Must be between 3 and 30 characters, not starting or ending with a space.
Please input account name:
Successfully created account 4397854 - Timmothy
Please input an agent transaction or log out:
Logging out.