Successfully withdrew 42000 from 4206969
Please input an agent transaction or log out:
Logging out.