Transaction summary amount must be between 3 and 8 digits.