Invalid amount. Unable to make withdrawls above $1,000.00.
Please input an amount to withdraw (in cents):
Successfully withdrew 000 from 4206969
Please input an agent transaction or log out:
Logging out.