Recipient account not found, could not transfer.
Please input an agent transaction or log out:
Logging out.