Please input an amount to deposit (in cents):
Invalid amount. Unable to make deposits above $999,999.99.
Please input an amount to deposit (in cents):
Successfully deposited 485375 into 1234567
Please input an agent transaction or log out:
Logging out.