Invalid account number. Must be exactly 7 digits, not beginning with 0.
Please input account number:
Please input an amount to withdraw (in cents):
Successfully withdrew 9385 from 4206969
Please input an agent transaction or log out:
Logging out.