Invalid amount. Unable to make deposits above $999,999.99.
Please input an amount to withdraw (in cents):
Successfully transferred 000 from 1234567 into 2345678
Please input an agent transaction or log out:
Logging out.