Successfully read valid accounts file.
Please input an agent transaction or log out:
Logging out.