Successfully created account 1234567 - bob
Please input an agent transaction or log out:
Logging out.