Transaction summary elements must be separated by spaces.