Please choose either 'machine' or 'agent' mode:
Logging out.