Transaction summary code must be first three characters.