Successfully deposited 200000 into 1234567
Please input an agent transaction or log out:
Please input account number:
Please input an amount to deposit (in cents):
Successfully deposited 200000 into 1234567
Please input an agent transaction or log out:
Please input account number:
Please input an amount to deposit (in cents):
Invalid amount. Deposit would exceed daily limit of $5,000.00.
Please input an amount to deposit (in cents):
Successfully deposited 000 into 1234567
Please input an agent transaction or log out:
Logging out.