Successfully deleted account 4206969 - Christopher
Please input an agent transaction or log out:
Please input account number:
Please input an amount to deposit (in cents):
Account not found, could not deposit.
Please input an agent transaction or log out:
Logging out.