Successfully deleted account 4510314 - Christopher
Please input an agent transaction or log out:
Logging out.