Account not found, could not be deleted.
Please input an agent transaction or log out:
Logging out.