Account in list of valid accounts is not 7 digits.