Successfully created account 4206969 - Christopher
Please input an agent transaction or log out:
Logging out.