Successfully created account 4206969 - pass
Please input an agent transaction or log out:
Logging out.